C51 COMPILER V9.59.0.0   F0_M4                                                             04/04/2021 17:16:13 PAGE 1   


C51 COMPILER V9.59.0.0, COMPILATION OF MODULE F0_M4
OBJECT MODULE PLACED IN .\Objects\F0_M4.obj
COMPILER INVOKED BY: D:\Keil\C51\BIN\C51.EXE F0_M4.C LARGE OPTIMIZE(8,SPEED) BROWSE DEBUG OBJECTEXTEND PRINT(.\Listings\
                    -F0_M4.lst) TABS(2) OBJECT(.\Objects\F0_M4.obj)

line level    source

   1          //-----------------------------------------------------------------------------
   2          // FO-M4_Main.c
   3          //-----------------------------------------------------------------------------
   4          // AUTH: 
   5          // DATE: 
   6          //
   7          // Target: C8051F02x
   8          // Tool chain: KEIL Microvision 4
   9          //
  10          //-----------------------------------------------------------------------------
  11          #include <C8051F020.h>
  12          #include <c8051F020_SFR16.h>
  13          
  14          // Prototypes de Fonctions
  15          sbit ENVOI_AV = P1^0;
  16          sbit ENVOI_AR = P1^1;
  17          sbit ECHO_AV = P1^2;
  18          sbit ECHO_AR = P1^3;
  19          bit ret;
  20          
  21          unsigned int MES_Dist_AV (void) {
  22   1        ret = 0;
  23   1        T2 = 65536 - 19;
  24   1        ENVOI_AV = 1;
  25   1        TR2 = 1;
  26   1        while (!ECHO_AV){}
  27   1        TR2 = 1;
  28   1        while (ECHO_AV && !ret){}
  29   1        TR2 = 0;
  30   1        if (ret){ // Si on a overload
  31   2          return 0;
  32   2        }
  33   1        else{ // On a pas Overload
  34   2          return(((float)T2*9.362/1000)-200);
  35   2        }
  36   1      }
  37          
  38          unsigned int MES_Dist_AR (void) {
  39   1        ret = 0;
  40   1        T2 = 65536 - 19;
  41   1        ENVOI_AR = 1;
  42   1        TR2 = 1;
  43   1        while (!ECHO_AR){}
  44   1        TR2 = 1;
  45   1        while (ECHO_AR && !ret){}
  46   1        TR2 = 0;
  47   1        if (ret){ // Si on a overload
  48   2          return 0;
  49   2        }
  50   1        else{ // On a pas Overload
  51   2          return(((float)T2*9.362/1000)-200);
  52   2        }
  53   1      }
  54          
C51 COMPILER V9.59.0.0   F0_M4                                                             04/04/2021 17:16:13 PAGE 2   

  55          void ISR_T2(void) interrupt 5 {
  56   1        
  57   1        EXF2 = 0;
  58   1        TF2 = 0;
  59   1        if(ENVOI_AV || ENVOI_AR){
  60   2          ENVOI_AV = 0;
  61   2          ENVOI_AR = 0;
  62   2          TR2 = 0;
  63   2        }
  64   1        else{ ret = 1;}
  65   1      }


MODULE INFORMATION:   STATIC OVERLAYABLE
   CODE SIZE        =    170    ----
   CONSTANT SIZE    =   ----    ----
   XDATA SIZE       =   ----    ----
   PDATA SIZE       =   ----    ----
   DATA SIZE        =   ----    ----
   IDATA SIZE       =   ----    ----
   BIT SIZE         =      1    ----
END OF MODULE INFORMATION.


C51 COMPILATION COMPLETE.  0 WARNING(S),  0 ERROR(S)
